I'm sorry, but errors were detected in your script. Please correct the
errors listed below, and try again.


File "game/scripts/dark_room.rpy", line 7: choice menuitem expects a non-empty block.
    "四处翻找":
           ^

Ren'Py Version: Ren'Py 8.3.0.24082114
Sat Aug 31 18:03:57 2024
